Black wins!
A19A1B18B1C17C1D16D1E15
Thank you for playing!
