Black wins!
A1S1B2S2C3S3D4S4E5
Thank you for playing!
