J10,.................................................
L3,..........................................xxxxxxx
C17,xxxxxxxx......x......x......x......x......x......
