White wins!
S1A1S2B2S3C3S4D4A2E5
Thank you for playing!
