White wins!
A1A19B1B18C1C17D1D16A2E15
Thank you for playing!
